// Jest Snapshot v1, https://goo.gl/fbAQLP

exports[`HotBeverage should render correctly 1`] = `
<div>
  <p>
    The beverage is empty.
  </p>
  <button
    onClick={[Function]}
  >
    Pour in some tea
  </button>
</div>
`;

exports[`HotBeverage should render correctly when pouring in tea 1`] = `
<p>
  The beverage is a 
  large-cup
   of 
  tea
  .
</p>
`;
